// Jest Snapshot v1, https://goo.gl/fbAQLP

exports[`<Form /> renders components 1`] = `
<div
  class="form-submit_Container font"
>
  <div
    class="msg_container"
  />
  <h1
    class="header"
  >
    Submit Project
  </h1>
  <form
    action="/form"
    class="form"
    method="post"
  >
    <div
      class="input_box"
    >
      <label
        class="label p_label"
      >
        Project Name
      </label>
      <input
        class="input"
        name="project_name"
        type="text"
      />
      <br />
    </div>
    <div
      class="input_box"
    >
      <label
        class="label company_label"
      >
        Company
      </label>
      <input
        class="input"
        name="company"
        type="text"
      />
      <br />
    </div>
    <div
      class="input_box"
    >
      <label
        class="label proj_desc"
      >
        Project Description
      </label>
      <br />
      <textarea
        class="text_input"
        name="project_description"
        type="text"
      />
    </div>
    <div
      class="input_box"
    >
      <label
        class="label d_label"
      >
        Completion Date
      </label>
      <input
        class="input date_select"
        name="date"
        type="date"
      />
    </div>
    <div
      class="input_box"
    >
      <label
        class="label budget_label"
      >
        Budget
      </label>
      <input
        class="input"
        name="budget"
        type="text"
      />
      <br />
    </div>
    <div
      class="button"
    >
      <div
        class="button-one_Container"
      >
        <button
          class="button_style_one submit_log"
          type="submit"
          value="Submit"
        >
          Submit
        </button>
      </div>
    </div>
  </form>
</div>
`;
