// Jest Snapshot v1, https://goo.gl/fbAQLP

exports[`<Hamburger /> dropdown state dropdown should content 1`] = `
<div
  className="dropdown"
  onClick={[Function]}
>
  <ul>
    <li
      className="link"
      href="/login"
    >
      Login
    </li>
    <li
      className="link"
      href="/home_page"
    >
      Home Page
    </li>
    <li
      className="link"
      href="/resume"
    >
      Resume
    </li>
    <li
      className="link"
      href="/home_page"
    >
      Projects
    </li>
    <li
      className="link"
      href="/contact"
    >
      Contact
    </li>
  </ul>
</div>
`;

exports[`<Hamburger /> state should have green lines 1`] = `
<div
  className="hamburger"
  onClick={[Function]}
  onMouseEnter={[Function]}
  onMouseLeave={[Function]}
>
  <hr />
  <hr />
  <hr />
</div>
`;

exports[`<Hamburger /> state should have green lines 2`] = `
<div
  className="hamburger"
  onClick={[Function]}
  onMouseEnter={[Function]}
  onMouseLeave={[Function]}
>
  <hr />
  <hr />
  <hr />
</div>
`;

exports[`<Hamburger /> state should have green lines 3`] = `
<div
  className="hamburger"
  onClick={[Function]}
  onMouseEnter={[Function]}
  onMouseLeave={[Function]}
>
  <hr />
  <hr />
  <hr />
</div>
`;
