// Jest Snapshot v1, https://goo.gl/fbAQLP

exports[`<Resume /> renders components 1`] = `
<div
  class="container"
>
  <div
    class="libcomp-hamburger_Container font"
  >
    <div
      class="ham_container"
    >
      <div
        class="hamburger"
      >
        <hr />
        <hr />
        <hr />
      </div>
    </div>
    <div
      class="dropdown_container"
    >
      <ul
        class="dropdown"
      >
        <li
          class="link ham_link"
        >
          <a
            class="a_link"
            href="/home"
          >
            Home Page
          </a>
        </li>
        <li
          class="link ham_link"
        >
          <a
            class="a_link"
            href="/resume"
          >
            Resume
          </a>
        </li>
        <li
          class="link ham_link"
        >
          <a
            class="a_link"
            href="/project"
          >
            Projects
          </a>
        </li>
        <li
          class="link ham_link"
        >
          <a
            class="a_link"
            href="/contact"
          >
            Contact
          </a>
        </li>
      </ul>
    </div>
  </div>
  <outline />
</div>
`;
