// Jest Snapshot v1, https://goo.gl/fbAQLP

exports[`<Content /> mount should match props 1`] = `
<div
  className="content-dropdown_Container"
  onClick={[Function]}
>
  <h3
    className="title title_test"
  >
    test
  </h3>
  <h3
    className="title_click title_click_test"
  >
    test
  </h3>
  <div
    className="arrow arw_test"
  />
  <div
    className="arrow_click arw_click_test"
  />
  <hr
    className="content_hr cont_hr_test"
  />
  <div
    className="content_parent cont_par_test"
  >
    <div
      className="input"
    >
      test content
    </div>
  </div>
</div>
`;

exports[`<Content /> render renders components 1`] = `
<div
  class="content-dropdown_Container"
>
  <h3
    class="title title_undefined"
  />
  <h3
    class="title_click title_click_undefined"
  />
  <div
    class="arrow arw_undefined"
  />
  <div
    class="arrow_click arw_click_undefined"
  />
  <hr
    class="content_hr cont_hr_undefined"
  />
  <div
    class="content_parent cont_par_undefined"
  >
    <div
      class="input"
    />
  </div>
</div>
`;

exports[`<Content /> shallow should match props 1`] = `
<div
  className="content-dropdown_Container"
  onClick={[Function]}
>
  <h3
    className="title title_test"
  >
    test
  </h3>
  <h3
    className="title_click title_click_test"
  >
    test
  </h3>
  <div
    className="arrow arw_test"
  />
  <div
    className="arrow_click arw_click_test"
  />
  <hr
    className="content_hr cont_hr_test"
  />
  <div
    className="content_parent cont_par_test"
  >
    <div
      className="input"
    >
      test content
    </div>
  </div>
</div>
`;
