// Jest Snapshot v1, https://goo.gl/fbAQLP

exports[`<Footer /> renders components 1`] = `
<div
  class="footer_Container"
>
  <ul>
    <li
      class="link_footer"
      href="/logout"
    >
      Logout
    </li>
    <li
      class="link_footer"
      href="/home_page"
    >
      Home Page
    </li>
    <li
      class="link_footer"
      href="/resume"
    >
      Resume
    </li>
    <li
      class="link_footer"
      href="/home_page"
    >
      Projects
    </li>
    <li
      class="link_footer"
      href="/contact"
    >
      Contact
    </li>
  </ul>
</div>
`;
