// Jest Snapshot v1, https://goo.gl/fbAQLP

exports[`<Box /> renders components 1`] = `
<Box>
  <div
    className="box-login_Container font"
  >
    <div
      className="msg_container"
    />
    <div
      className="box"
    >
      <form
        action="/login"
        className="box_form"
        method="post"
      >
        <div
          className="input_box"
        >
          <label
            className="username label font"
          >
            Username
          </label>
          <input
            className="input_user font input_css"
            name="username"
            type="text"
          />
        </div>
        <div
          className="input_box"
        >
          <label
            className="password label font"
          >
            Password
          </label>
          <input
            className="input_pass font input_css"
            name="password"
            type="password"
          />
        </div>
        <div
          className="button"
        >
          <Button
            button_class="submit_log"
            href="./"
            name="Login"
            type="submit"
            value="Login"
          >
            <div
              className="button-one_Container"
            >
              <button
                className="button_style_one submit_log"
                href="./"
                type="submit"
                value="Login"
              >
                Login
              </button>
            </div>
          </Button>
        </div>
        <div
          className="request"
        >
          <a
            className="font"
            href="/"
          >
            Request Login
          </a>
        </div>
      </form>
    </div>
  </div>
</Box>
`;

exports[`<Button_one/> should render props 1`] = `
<div
  className="button-one_Container"
>
  <button
    className="button_style_one undefined"
    href="./"
    type="submit"
    value="Login"
  >
    Login
  </button>
</div>
`;

exports[`Login error reporting should show an error message 1`] = `
<Box>
  <div
    className="box-login_Container font"
  >
    <div
      className="msg_container"
    />
    <div
      className="box"
    >
      <form
        action="/login"
        className="box_form"
        method="post"
      >
        <div
          className="input_box"
        >
          <label
            className="username label font"
          >
            Username
          </label>
          <input
            className="input_user font input_css"
            name="username"
            type="text"
          />
        </div>
        <div
          className="input_box"
        >
          <label
            className="password label font"
          >
            Password
          </label>
          <input
            className="input_pass font input_css"
            name="password"
            type="password"
          />
        </div>
        <div
          className="button"
        >
          <Button
            button_class="submit_log"
            href="./"
            name="Login"
            type="submit"
            value="Login"
          >
            <div
              className="button-one_Container"
            >
              <button
                className="button_style_one submit_log"
                href="./"
                type="submit"
                value="Login"
              >
                Login
              </button>
            </div>
          </Button>
        </div>
        <div
          className="request"
        >
          <a
            className="font"
            href="/"
          >
            Request Login
          </a>
        </div>
      </form>
    </div>
  </div>
</Box>
`;
