// Jest Snapshot v1, https://goo.gl/fbAQLP

exports[`<Libcomp /> renders components 1`] = `
<div
  className="libcomp-styleguid_Container"
>
  <h2
    className="header_comp"
  >
    Library components
  </h2>
  <div
    className="hamburger_pos"
  >
    <Hamburger
      menu={
        Object {
          "contact": Object {
            "className": "link",
            "link": "/contact",
            "text": "Contact",
          },
          "home_page": Object {
            "className": "link",
            "link": "/home_page",
            "text": "Home Page",
          },
          "login": Object {
            "className": "link",
            "link": "/logout",
            "text": "Logout",
          },
          "projects": Object {
            "className": "link",
            "link": "/home_page",
            "text": "Projects",
          },
          "resume": Object {
            "className": "link",
            "link": "/resume",
            "text": "Resume",
          },
        }
      }
    />
  </div>
  <Button
    button_class="button_top"
    href="/link"
    name="Button"
  />
  <Button
    button_class="button_top_small"
    font_size=".9em"
    href="/link"
    name="Button"
    width="100px"
  />
  <Button
    button_class="button_comp"
    href="/link"
    name="Button"
  />
  <Button
    button_class="button_two_small"
    font_size=".9em"
    href="/link"
    name="Button"
    width="100px"
  />
  <div
    className="content-dropdown"
  >
    <Content
      class="test_one"
      content="Testing content"
      title="Test Title"
    />
  </div>
  <div
    className="content-dropdown"
  >
    <Content
      class="test_two"
      content="Testing content 2"
      title="Test Title 2"
    />
  </div>
</div>
`;
